Γû▓ Next.js 16.1.6 (Turbopack)
- Environments: .env.local

node.exe : ΓÜá The "middleware" file 
convention is deprecated. Please use 
"proxy" instead. Learn more: https://nextjs.
org/docs/messages/middleware-to-proxy
At C:\Program Files\nodejs\npx.ps1:29 char:3
+   & $NODE_EXE $NPX_CLI_JS $args
+   ~~~~~~~~~~~~~~~~~~~~~~~~~~~~~
    + CategoryInfo          : NotSpecified: 
    (ΓÜá The "middle...leware-to-proxy:Str  
  ing) [], RemoteException
    + FullyQualifiedErrorId : NativeCommand 
   Error
 
  Creating an optimized production build ...

> Build error occurred
Error: Turbopack build failed with 4 errors:
./src/app/admin/settings/page.tsx
Module not found: Can't resolve 
'react-quill-new'


Import traces:
  Client Component Browser:
    ./src/app/admin/settings/page.tsx 
[Client Component Browser]
    ./src/app/admin/settings/page.tsx 
[Server Component]

  Client Component SSR:
    ./src/app/admin/settings/page.tsx 
[Client Component SSR]
    ./src/app/admin/settings/page.tsx 
[Server Component]

https://nextjs.org/docs/messages/module-not-
found


./src/app/admin/settings/page.tsx:7:34
Module not found: Can't resolve 
'react-quill-new'
[0m [90m  5 |[39m [36mimport[39m toast 
[36mfrom[39m 
[32m'react-hot-toast'[39m[33m;[39m
 [90m  6 |[39m [36mimport[39m dynamic 
[36mfrom[39m 
[32m'next/dynamic'[39m[33m;[39m
[31m[1m>[22m[39m[90m  7 |[39m 
[36mconst[39m [33mReactQuill[39m 
[33m=[39m dynamic(() [33m=>[39m [36mimp
ort[39m([32m'react-quill-new'[39m)[33m,
[39m {
 [90m    |[39m                            
      [31m[1m^[22m[39m[31m[1m^[22m[3
9m[31m[1m^[22m[39m[31m[1m^[22m[39m[
31m[1m^[22m[39m[31m[1m^[22m[39m[31m
[1m^[22m[39m[31m[1m^[22m[39m[31m[1m^
[22m[39m[31m[1m^[22m[39m[31m[1m^[22
m[39m[31m[1m^[22m[39m[31m[1m^[22m[3
9m[31m[1m^[22m[39m[31m[1m^[22m[39m[
31m[1m^[22m[39m[31m[1m^[22m[39m[31m
[1m^[22m[39m[31m[1m^[22m[39m[31m[1m^
[22m[39m[31m[1m^[22m[39m[31m[1m^[22
m[39m[31m[1m^[22m[39m[31m[1m^[22m[3
9m[31m[1m^[22m[39m
 [90m  8 |[39m   ssr[33m:[39m 
[36mfalse[39m
 [90m  9 |[39m })[33m;[39m
 [90m 10 |[39m [36mimport[39m [32m'reac
t-quill-new/dist/quill.snow.css'[39m[33m;
[39m[0m



Import traces:
  Client Component Browser:
    ./src/app/admin/settings/page.tsx 
[Client Component Browser]
    ./src/app/admin/settings/page.tsx 
[Server Component]

  Client Component SSR:
    ./src/app/admin/settings/page.tsx 
[Client Component SSR]
    ./src/app/admin/settings/page.tsx 
[Server Component]

https://nextjs.org/docs/messages/module-not-
found


./src/app/admin/settings/page.tsx:10:1
Module not found: Can't resolve 
'react-quill-new/dist/quill.snow.css'
[0m [90m  8 |[39m   ssr[33m:[39m 
[36mfalse[39m
 [90m  9 |[39m })[33m;[39m
[31m[1m>[22m[39m[90m 10 |[39m 
[36mimport[39m [32m'react-quill-new/dist/
quill.snow.css'[39m[33m;[39m
 [90m    |[39m [31m[1m^[22m[39m[31m[
1m^[22m[39m[31m[1m^[22m[39m[31m[1m^
[22m[39m[31m[1m^[22m[39m[31m[1m^[22m
[39m[31m[1m^[22m[39m[31m[1m^[22m[39
m[31m[1m^[22m[39m[31m[1m^[22m[39m[3
1m[1m^[22m[39m[31m[1m^[22m[39m[31m[
1m^[22m[39m[31m[1m^[22m[39m[31m[1m^
[22m[39m[31m[1m^[22m[39m[31m[1m^[22m
[39m[31m[1m^[22m[39m[31m[1m^[22m[39
m[31m[1m^[22m[39m[31m[1m^[22m[39m[3
1m[1m^[22m[39m[31m[1m^[22m[39m[31m[
1m^[22m[39m[31m[1m^[22m[39m[31m[1m^
[22m[39m[31m[1m^[22m[39m[31m[1m^[22m
[39m[31m[1m^[22m[39m[31m[1m^[22m[39
m[31m[1m^[22m[39m[31m[1m^[22m[39m[3
1m[1m^[22m[39m[31m[1m^[22m[39m[31m[
1m^[22m[39m[31m[1m^[22m[39m[31m[1m^
[22m[39m[31m[1m^[22m[39m[31m[1m^[22m
[39m[31m[1m^[22m[39m[31m[1m^[22m[39
m[31m[1m^[22m[39m[31m[1m^[22m[39m[3
1m[1m^[22m[39m[31m[1m^[22m[39m
 [90m 11 |[39m [36mimport[39m 
[33mReactDOM[39m [36mfrom[39m 
[32m'react-dom'[39m[33m;[39m
 [90m 12 |[39m [36mconst[39m modules 
[33m=[39m {
 [90m 13 |[39m   toolbar[33m:[39m 
[[{[0m



Import traces:
  Client Component Browser:
    ./src/app/admin/settings/page.tsx 
[Client Component Browser]
    ./src/app/admin/settings/page.tsx 
[Server Component]

  Client Component SSR:
    ./src/app/admin/settings/page.tsx 
[Client Component SSR]
    ./src/app/admin/settings/page.tsx 
[Server Component]

https://nextjs.org/docs/messages/module-not-
found


./src/app/admin/settings/page.tsx:27:1
Module not found: Can't resolve 
'react-quill-new/dist/quill.snow.css'
[0m [90m 25 |[39m
 [90m 26 |[39m [36mconst[39m 
[33mReactQuill[39m [33m=[39m dynamic(() 
[33m=>[39m [36mimport[39m([32m'react-qu
ill-new'[39m)[33m,[39m { ssr[33m:[39m 
[36mfalse[39m })[33m;[39m
[31m[1m>[22m[39m[90m 27 |[39m 
[36mimport[39m [32m'react-quill-new/dist/
quill.snow.css'[39m[33m;[39m
 [90m    |[39m [31m[1m^[22m[39m[31m[
1m^[22m[39m[31m[1m^[22m[39m[31m[1m^
[22m[39m[31m[1m^[22m[39m[31m[1m^[22m
[39m[31m[1m^[22m[39m[31m[1m^[22m[39
m[31m[1m^[22m[39m[31m[1m^[22m[39m[3
1m[1m^[22m[39m[31m[1m^[22m[39m[31m[
1m^[22m[39m[31m[1m^[22m[39m[31m[1m^
[22m[39m[31m[1m^[22m[39m[31m[1m^[22m
[39m[31m[1m^[22m[39m[31m[1m^[22m[39
m[31m[1m^[22m[39m[31m[1m^[22m[39m[3
1m[1m^[22m[39m[31m[1m^[22m[39m[31m[
1m^[22m[39m[31m[1m^[22m[39m[31m[1m^
[22m[39m[31m[1m^[22m[39m[31m[1m^[22m
[39m[31m[1m^[22m[39m[31m[1m^[22m[39
m[31m[1m^[22m[39m[31m[1m^[22m[39m[3
1m[1m^[22m[39m[31m[1m^[22m[39m[31m[
1m^[22m[39m[31m[1m^[22m[39m[31m[1m^
[22m[39m[31m[1m^[22m[39m[31m[1m^[22m
[39m[31m[1m^[22m[39m[31m[1m^[22m[39
m[31m[1m^[22m[39m[31m[1m^[22m[39m[3
1m[1m^[22m[39m[31m[1m^[22m[39m
 [90m 28 |[39m [36mimport[39m 
[33mReactDOM[39m [36mfrom[39m 
[32m'react-dom'[39m[33m;[39m
 [90m 29 |[39m
 [90m 30 |[39m [36mconst[39m modules 
[33m=[39m {[0m



Import traces:
  Client Component Browser:
    ./src/app/admin/settings/page.tsx 
[Client Component Browser]
    ./src/app/admin/settings/page.tsx 
[Server Component]

  Client Component SSR:
    ./src/app/admin/settings/page.tsx 
[Client Component SSR]
    ./src/app/admin/settings/page.tsx 
[Server Component]

https://nextjs.org/docs/messages/module-not-
found


    at <unknown> (https://nextjs.org/docs/me
ssages/module-not-found)
    at <unknown> 
(./src/app/admin/settings/page.tsx:7:34)
    at <unknown> (https://nextjs.org/docs/me
ssages/module-not-found)
    at <unknown> 
(./src/app/admin/settings/page.tsx:10:1)
    at <unknown> (https://nextjs.org/docs/me
ssages/module-not-found)
    at <unknown> 
(./src/app/admin/settings/page.tsx:27:1)
    at <unknown> (https://nextjs.org/docs/me
ssages/module-not-found)
