
> zubizo_website@0.1.0 build
> next build

Γû▓ Next.js 16.1.6 (Turbopack)
- Environments: .env.local

node.exe : ΓÜá The "middleware" file convention is 
deprecated. Please use "proxy" instead. Learn more: 
https://nextjs.org/docs/messages/middleware-to-proxy
At C:\Program Files\nodejs\npm.ps1:29 char:3
+   & $NODE_EXE $NPM_CLI_JS $args
+   ~~~~~~~~~~~~~~~~~~~~~~~~~~~~~
    + CategoryInfo          : NotSpecified: (ΓÜá The 
    "middle...leware-to-proxy:String) [], RemoteExc  
  eption
    + FullyQualifiedErrorId : NativeCommandError
 
  Creating an optimized production build ...
Γ£ô Compiled successfully in 51s
  Running TypeScript ...
Failed to compile.

./src/app/admin/analytics/page.tsx:233:37
Type error: Type '(value: number) => [string, 
string]' is not assignable to type 
'Formatter<ValueType, NameType> & ((value: 
ValueType, name: NameType, item: 
TooltipPayloadEntry, index: number, payload: 
TooltipPayload) => ReactNode | [...])'.
  Type '(value: number) => [string, string]' is not 
assignable to type 'Formatter<ValueType, NameType>'.
    Types of parameters 'value' and 'value' are 
incompatible.
      Type 'ValueType | undefined' is not assignable 
to type 'number'.
        Type 'undefined' is not assignable to type 
'number'.

[0m [90m 231 |[39m                                
 [33m<[39m[33mTooltip[39m 
 [90m 232 |[39m                                    
 contentStyle[33m=[39m{{ borderRadius[33m:[39m 
[32m'20px'[39m[33m,[39m border[33m:[39m 
[32m'none'[39m[33m,[39m boxShadow[33m:[39m 
[32m'0 20px 25px -5px rgb(0 0 0 / 
0.1)'[39m[33m,[39m padding[33m:[39m 
[32m'15px'[39m }}
[31m[1m>[22m[39m[90m 233 |[39m                 
                    
formatter[33m=[39m{(value[33m:[39m number) 
[33m=>[39m [formatCurrency(value)[33m,[39m 
[32m''[39m]}
 [90m     |[39m                                    
 [31m[1m^[22m[39m
 [90m 234 |[39m                                 
[33m/[39m[33m>[39m
 [90m 235 |[39m                                 
[33m<[39m[33mArea[39m 
type[33m=[39m[32m"monotone"[39m 
dataKey[33m=[39m[32m"revenue"[39m 
stroke[33m=[39m[32m"#10b981"[39m 
strokeWidth[33m=[39m{[35m4[39m} 
fillOpacity[33m=[39m{[35m1[39m} 
fill[33m=[39m[32m"url(#colorRev)"[39m 
[33m/[39m[33m>[39m
 [90m 236 |[39m                                 
[33m<[39m[33mArea[39m 
type[33m=[39m[32m"monotone"[39m 
dataKey[33m=[39m[32m"profit"[39m 
stroke[33m=[39m[32m"#A237E1"[39m 
strokeWidth[33m=[39m{[35m4[39m} 
fillOpacity[33m=[39m{[35m1[39m} 
fill[33m=[39m[32m"url(#colorProf)"[39m 
[33m/[39m[33m>[39m[0m
Next.js build worker exited with code: 1 and signal: 
null
